// Jest Snapshot v1, https://goo.gl/fbAQLP

exports[`Should render ExpenseListFilters correctly 1`] = `undefined`;

exports[`Should render ExpenseListFilters with alt data correctly 1`] = `undefined`;
